../Drivers/STM32WBxx_HAL_Driver/Inc/stm32wbxx_ll_rcc.h:1679:22:LL_RCC_LSE_SetDriveCapability	16	static
../Drivers/STM32WBxx_HAL_Driver/Inc/stm32wbxx_ll_bus.h:539:22:LL_AHB2_GRP1_EnableClock	24	static
../Core/Src/main.c:67:5:main	8	static
../Core/Src/main.c:118:6:SystemClock_Config	104	static
../Core/Src/main.c:178:6:PeriphCommonClock_Config	56	static
../Core/Src/main.c:202:13:MX_USART1_UART_Init	8	static
../Core/Src/main.c:250:13:MX_GPIO_Init	32	static
../Core/Src/main.c:312:6:Error_Handler	4	static,ignoring_inline_asm
